Main: Tasks.hs:(498,5)-(509,214): Non-exhaustive patterns in function eval

